[36mrolldown-vite v7.2.5 [32mbuilding client environment for production...[36m[39m
[2K
transforming...Γ£ô 1052 modules transformed.
rendering chunks...
computing gzip size...
dist/index.html                     0.48 kB Γöé gzip:   0.33 kB
dist/assets/index-C-mORIr8.css     76.36 kB Γöé gzip:  11.97 kB
dist/assets/index-2PM1SaYb.js   1,735.37 kB Γöé gzip: 483.29 kB
[32mΓ£ô built in 1.89s[39m
node.exe : [33m[plugin builtin:reporter] 
At C:\Users\AL MADINA 
COMPUTER\employee-info-system\node_modules\.bin\vite.ps1:24 
char:5
+     & "node$exe"  "$basedir/../vite/bin/vite.js" $args
+     ~~~~~~~~~~~~~~~~~~~~~~~~~~~~~~~~~~~~~~~~~~~~~~~~~~
    + CategoryInfo          : NotSpecified: ([33m[plugin built 
   in:reporter] :String) [], RemoteException
    + FullyQualifiedErrorId : NativeCommandError
 
(!) Some chunks are larger than 500 kB after minification. 
Consider:
- Using dynamic import() to code-split the application
- Use build.rollupOptions.output.manualChunks to improve 
chunking: 
https://rollupjs.org/configuration-options/#output-manualchunks
- Adjust chunk size limit for this warning via 
build.chunkSizeWarningLimit.[39m
